
> tool-master@1.0.0 build
> tsc -b && vite build

[36mvite v5.4.21 [32mbuilding for production...[36m[39m
transforming...
node.exe : [33m[vite:css] @import must precede all other statements (besides 
@charset or empty @layer)
At line:1 char:1
+ & "C:\Program Files\nodejs/node.exe" "C:\Program Files\nodejs/node_mo ...
+ ~~~~~~~~~~~~~~~~~~~~~~~~~~~~~~~~~~~~~~~~~~~~~~~~~~~~~~~~~~~~~~~~~~~~~
    + CategoryInfo          : NotSpecified: ([33m[vite:css]...r empty @layer) 
   :String) [], RemoteException
    + FullyQualifiedErrorId : NativeCommandError
 
102|    .p-content .form-card > div[style] .btn { width: 100%; 
justify-content: center; }
103|  }
104|  @import url('https://fonts.googleapis.com/css2?family=Poppins:wght@400;50
0;600;700&display=swap');
   |  ^^^^^^^^^^^^^^^^^^^^^^^^^^^^^^^^^^^^^^^^^^^^^^^^^^^^^^^^^^^^^^^^^^^^^^^^^
^^^^^^^^^^^^^^^^^^^^^^^^^
105|  
106|  * { box-sizing: border-box; margin: 0; padding: 0; }[39m
[33m[vite:css] @import must precede all other statements (besides @charset or 
empty @layer)
340|    }
341|  }
342|  @import url('https://fonts.googleapis.com/css2?family=Poppins:wght@400;50
0;600;700&display=swap');
   |  ^^^^^^^^^^^^^^^^^^^^^^^^^^^^^^^^^^^^^^^^^^^^^^^^^^^^^^^^^^^^^^^^^^^^^^^^^
^^^^^^^^^^^^^^^^^^^^^^^^^
343|  
344|  * { box-sizing: border-box; margin: 0; padding: 0; }[39m
[33m[vite:css] @import must precede all other statements (besides @charset or 
empty @layer)
130|    .btn-danger { width: 100%; }
131|  }
132|  @import url('https://fonts.googleapis.com/css2?family=Poppins:wght@400;50
0;600;700&display=swap');
   |  ^^^^^^^^^^^^^^^^^^^^^^^^^^^^^^^^^^^^^^^^^^^^^^^^^^^^^^^^^^^^^^^^^^^^^^^^^
^^^^^^^^^^^^^^^^^^^^^^^^^
133|  
134|  * { box-sizing: border-box; margin: 0; padding: 0; }[39m
[32mÔ£ô[39m 96 modules transformed.
rendering chunks...
computing gzip size...
[2mdist/[22m[32mindex.html                 [39m[1m[2m  0.47 kB[22m[1m[22m[2m Ôöé gzip:  0.30 kB[22m
[2mdist/[22m[35massets/index-CC6sMU2V.css  [39m[1m[2m310.49 kB[22m[1m[22m[2m Ôöé gzip: 44.17 kB[22m
[2mdist/[22m[36massets/index-yn7nMAQ0.js   [39m[1m[2m354.80 kB[22m[1m[22m[2m Ôöé gzip: 90.38 kB[22m
[32mÔ£ô built in 5.31s[39m
